// Jest Snapshot v1, https://goo.gl/fbAQLP

exports[`matches snapshot 1`] = `
<div
  class="categoryFilter"
>
  <a
    href="/test"
  >
    <a
      aria-label="text"
      class="LinkBase-module_link__djxNm LinkBase_hds-link__4Kjdj LinkBase-module_linkM__Hz4Zc LinkBase_hds-link--medium__bHZ5t LinkBase-module_disableVisitedStyles__S6UjE LinkBase_hds-link--disable-visited-styles__cQcea Link-module_link__ysKHd"
      href="/test"
    >
      <span
        aria-hidden="true"
        class="LinkBase-module_iconLeft__Joa9y LinkBase_hds-icon-left__e0wBz"
      >
        <svg
          aria-hidden="true"
          aria-label="home"
          class="Icon-module_icon__1Jtzj icon_hds-icon__1YqNC Icon-module_s__2WGWe icon_hds-icon--size-s__2Lkik"
          role="img"
          viewBox="0 0 24 24"
          xmlns="http://www.w3.org/2000/svg"
        >
          <path
            clip-rule="evenodd"
            d="M1 13L12 2L23 13L21.5 14.5L20 13V21H4V13L2.5 14.5L1 13ZM12 5L6 11V19L8.999 18.999L9 12H15L14.999 18.999L18 19V11L12 5ZM13 14H11L10.999 18.999H12.999L13 14Z"
            fill="currentColor"
            fill-rule="evenodd"
          />
        </svg>
      </span>
      <span
        class="LinkBase-module_content__Y4oQw LinkBase-module_withLeftIcon__z1QvX"
      >
        text
      </span>
      <span
        aria-hidden="true"
        class="LinkBase-module_iconRight__KjMW3 LinkBase_hds-icon-right__AJnk1 LinkBase-module_verticalAlignSmallOrMediumIcon__0SjrX LinkBase_vertical-align-small-or-medium-icon__wxjmq"
      >
        <svg
          aria-hidden="true"
          aria-label="angle-right"
          class="Icon-module_icon__1Jtzj icon_hds-icon__1YqNC Icon-module_s__2WGWe icon_hds-icon--size-s__2Lkik"
          role="img"
          viewBox="0 0 24 24"
          xmlns="http://www.w3.org/2000/svg"
        >
          <path
            clip-rule="evenodd"
            d="M13.5 12L8.5 7L10 5.5L16.5 12L10 18.5L8.5 17L13.5 12Z"
            fill="currentColor"
            fill-rule="evenodd"
          />
        </svg>
      </span>
    </a>
  </a>
</div>
`;
