// Jest Snapshot v1, https://goo.gl/fbAQLP

exports[`CombinedSearchProvider reads the context properly 1`] = `
<div>
  <p
    data-test-id="formValues"
  >
    {"text":"test text","sportsCategories":[],"keywords":[]}
  </p>
  <p
    data-test-id="event-searchVariables"
  >
    {"text":"test text","allOngoingAnd":null,"start":"now","end":"","include":["keywords","location"],"keywordAnd":[],"keywordNot":[],"keywordOrSet1":["yso:p916","kulke:710","yso:p17018","yso:p1963","yso:p9824","yso:p965","yso:p6409","yso:p8781","yso:p26619","yso:p13035","yso:p2041"],"keywordOrSet2":[],"location":[],"eventType":"General","superEventType":["umbrella","none"],"publisher":null,"pageSize":10}
  </p>
  <p
    data-test-id="course-searchVariables"
  >
    {"text":"test text","allOngoingAnd":null,"start":"now","end":"","include":["keywords","location"],"keywordAnd":[],"keywordNot":[],"keywordOrSet1":["yso:p916","kulke:710","yso:p17018","yso:p1963","yso:p9824","yso:p965","yso:p6409","yso:p8781","yso:p26619","yso:p13035","yso:p2041"],"keywordOrSet2":[],"location":[],"eventType":"General","superEventType":["umbrella","none"],"publisher":null,"pageSize":10}
  </p>
  <p
    data-test-id="venue-searchVariables"
  >
    {"text":"test text","allOngoingAnd":null,"start":"now","end":"","include":["keywords","location"],"keywordAnd":[],"keywordNot":[],"keywordOrSet1":["yso:p916","kulke:710","yso:p17018","yso:p1963","yso:p9824","yso:p965","yso:p6409","yso:p8781","yso:p26619","yso:p13035","yso:p2041"],"keywordOrSet2":[],"location":[],"eventType":"General","superEventType":["umbrella","none"],"publisher":null,"pageSize":10}
  </p>
</div>
`;
